Operation failed code=RESOURCE_NOT_FOUND exit=1 duration=0.065
Operation failed code=RESOURCE_NOT_FOUND exit=1 duration=0.057
Operation failed code=RESOURCE_NOT_FOUND exit=1 duration=0.064
Operation failed code=RESOURCE_NOT_FOUND exit=1 duration=0.090
Operation failed code=RESOURCE_NOT_FOUND exit=1 duration=0.095
Operation failed code=RESOURCE_NOT_FOUND exit=1 duration=0.107
Operation failed code=RESOURCE_NOT_FOUND exit=1 duration=0.091
Operation failed code=RESOURCE_NOT_FOUND exit=1 duration=0.096
Operation failed code=RESOURCE_NOT_FOUND exit=1 duration=0.158
Operation failed code=RESOURCE_NOT_FOUND exit=1 duration=0.091
Operation failed code=RESOURCE_NOT_FOUND exit=1 duration=0.112
Operation failed code=RESOURCE_NOT_FOUND exit=1 duration=0.075
Operation failed code=RESOURCE_NOT_FOUND exit=1 duration=0.060
Operation failed code=RESOURCE_NOT_FOUND exit=1 duration=0.057
Operation failed code=RESOURCE_NOT_FOUND exit=1 duration=0.075
Operation failed code=RESOURCE_NOT_FOUND exit=1 duration=0.065
Operation failed code=RESOURCE_NOT_FOUND exit=1 duration=0.057
Operation failed code=RESOURCE_NOT_FOUND exit=1 duration=0.123
Operation failed code=RESOURCE_NOT_FOUND exit=1 duration=0.063
Operation failed code=RESOURCE_NOT_FOUND exit=1 duration=0.142
Operation failed code=RESOURCE_NOT_FOUND exit=1 duration=0.150
Operation failed code=RESOURCE_NOT_FOUND exit=1 duration=0.147
Operation failed code=RESOURCE_NOT_FOUND exit=1 duration=0.070
Operation failed code=RESOURCE_NOT_FOUND exit=1 duration=0.108
Operation failed code=RESOURCE_NOT_FOUND exit=1 duration=0.099
Operation failed code=RESOURCE_NOT_FOUND exit=1 duration=0.087
Operation failed code=RESOURCE_NOT_FOUND exit=1 duration=0.067
Operation failed code=RESOURCE_NOT_FOUND exit=1 duration=0.068
Operation failed code=RESOURCE_NOT_FOUND exit=1 duration=0.064
Operation failed code=RESOURCE_NOT_FOUND exit=1 duration=0.056
Operation failed code=RESOURCE_NOT_FOUND exit=1 duration=0.066
Operation failed code=RESOURCE_NOT_FOUND exit=1 duration=0.094
Operation failed code=RESOURCE_NOT_FOUND exit=1 duration=0.101
Operation failed code=RESOURCE_NOT_FOUND exit=1 duration=0.093
Operation failed code=RESOURCE_NOT_FOUND exit=1 duration=0.085
Operation failed code=RESOURCE_NOT_FOUND exit=1 duration=0.073
Operation failed code=RESOURCE_NOT_FOUND exit=1 duration=0.107
Operation failed code=RESOURCE_NOT_FOUND exit=1 duration=0.070
Operation failed code=RESOURCE_NOT_FOUND exit=1 duration=0.079
Operation failed code=RESOURCE_NOT_FOUND exit=1 duration=0.077
Operation failed code=RESOURCE_NOT_FOUND exit=1 duration=0.068
Operation failed code=RESOURCE_NOT_FOUND exit=1 duration=0.101
Operation failed code=RESOURCE_NOT_FOUND exit=1 duration=0.065
Operation failed code=RESOURCE_NOT_FOUND exit=1 duration=0.099
Operation failed code=RESOURCE_NOT_FOUND exit=1 duration=0.266
Operation failed code=RESOURCE_NOT_FOUND exit=1 duration=0.116
Operation failed code=RESOURCE_NOT_FOUND exit=1 duration=0.123
Operation failed code=RESOURCE_NOT_FOUND exit=1 duration=0.135
Operation failed code=RESOURCE_NOT_FOUND exit=1 duration=0.156
Operation failed code=RESOURCE_NOT_FOUND exit=1 duration=0.135
Operation failed code=RESOURCE_NOT_FOUND exit=1 duration=0.132
Operation failed code=RESOURCE_NOT_FOUND exit=1 duration=0.159
Operation failed code=RESOURCE_NOT_FOUND exit=1 duration=0.272
Operation failed code=RESOURCE_NOT_FOUND exit=1 duration=0.426
Operation failed code=RESOURCE_NOT_FOUND exit=1 duration=0.148
Operation failed code=RESOURCE_NOT_FOUND exit=1 duration=0.117
Operation failed code=RESOURCE_NOT_FOUND exit=1 duration=0.132
Operation failed code=RESOURCE_NOT_FOUND exit=1 duration=0.149
Operation failed code=RESOURCE_NOT_FOUND exit=1 duration=0.424
Operation failed code=RESOURCE_NOT_FOUND exit=1 duration=0.127
Operation failed code=RESOURCE_NOT_FOUND exit=1 duration=0.211
Operation failed code=RESOURCE_NOT_FOUND exit=1 duration=0.098
Operation failed code=RESOURCE_NOT_FOUND exit=1 duration=0.175
Operation failed code=RESOURCE_NOT_FOUND exit=1 duration=0.082
Operation failed code=RESOURCE_NOT_FOUND exit=1 duration=0.070
Operation failed code=RESOURCE_NOT_FOUND exit=1 duration=0.163
Operation failed code=RESOURCE_NOT_FOUND exit=1 duration=0.062
Operation failed code=RESOURCE_NOT_FOUND exit=1 duration=0.102
Operation failed code=RESOURCE_NOT_FOUND exit=1 duration=0.096
Operation failed code=RESOURCE_NOT_FOUND exit=1 duration=0.071
Operation failed code=RESOURCE_NOT_FOUND exit=1 duration=0.078
Operation failed code=RESOURCE_NOT_FOUND exit=1 duration=0.123
Operation failed code=RESOURCE_NOT_FOUND exit=1 duration=0.075
Operation failed code=RESOURCE_NOT_FOUND exit=1 duration=0.080
Operation failed code=RESOURCE_NOT_FOUND exit=1 duration=0.072
Operation failed code=RESOURCE_NOT_FOUND exit=1 duration=0.067
Operation failed code=RESOURCE_NOT_FOUND exit=1 duration=0.057
Operation failed code=RESOURCE_NOT_FOUND exit=1 duration=0.075
Operation failed code=RESOURCE_NOT_FOUND exit=1 duration=0.069
Operation failed code=RESOURCE_NOT_FOUND exit=1 duration=0.072
Operation failed code=RESOURCE_NOT_FOUND exit=1 duration=0.071
Operation failed code=RESOURCE_NOT_FOUND exit=1 duration=0.071
Operation failed code=RESOURCE_NOT_FOUND exit=1 duration=0.072
Operation failed code=RESOURCE_NOT_FOUND exit=1 duration=0.077
Operation failed code=RESOURCE_NOT_FOUND exit=1 duration=0.064
Operation failed code=RESOURCE_NOT_FOUND exit=1 duration=0.059
Operation failed code=RESOURCE_NOT_FOUND exit=1 duration=0.099
Operation failed code=RESOURCE_NOT_FOUND exit=1 duration=0.089
Operation failed code=RESOURCE_NOT_FOUND exit=1 duration=0.096
Operation failed code=RESOURCE_NOT_FOUND exit=1 duration=0.111
Operation failed code=RESOURCE_NOT_FOUND exit=1 duration=0.082
Operation failed code=RESOURCE_NOT_FOUND exit=1 duration=0.092
Operation failed code=RESOURCE_NOT_FOUND exit=1 duration=0.098
Traceback (most recent call last):
  File "/Users/millafedotova/work/kedrogy-code/scripts/check_p1_runtime.py", line 192, in <module>
    annotation_stage() if args.stage == 'annotation' else training_stage()
    ^^^^^^^^^^^^^^^^^^
  File "/Users/millafedotova/work/kedrogy-code/scripts/check_p1_runtime.py", line 85, in annotation_stage
    until(observe, lambda r: r.status == 'READY', 'Annotation is ready for browser acceptance.')
  File "/Users/millafedotova/work/kedrogy-code/scripts/check_p1_runtime.py", line 23, in until
    value = function()
            ^^^^^^^^^^
  File "/Users/millafedotova/work/kedrogy-code/scripts/check_p1_runtime.py", line 83, in observe
    raise RuntimeError(run.startup_error)
RuntimeError: {'code': 'ANNOTATION_STOPPED', 'message': 'Annotation was stopped before startup completed.'}
