Creating test database for alias 'default'...
....Internal Server Error: /api/models/1/delete_model/
Traceback (most recent call last):
  File "/Users/millafedotova/work/kedrogy-code/mysite/.venv/lib/python3.12/site-packages/django/core/handlers/exception.py", line 55, in inner
    response = get_response(request)
               ^^^^^^^^^^^^^^^^^^^^^
  File "/Users/millafedotova/work/kedrogy-code/mysite/.venv/lib/python3.12/site-packages/django/core/handlers/base.py", line 198, in _get_response
    response = wrapped_callback(request, *callback_args, **callback_kwargs)
               ^^^^^^^^^^^^^^^^^^^^^^^^^^^^^^^^^^^^^^^^^^^^^^^^^^^^^^^^^^^^
  File "/Users/millafedotova/work/kedrogy-code/mysite/.venv/lib/python3.12/site-packages/django/views/decorators/csrf.py", line 65, in _view_wrapper
    return view_func(request, *args, **kwargs)
           ^^^^^^^^^^^^^^^^^^^^^^^^^^^^^^^^^^^
  File "/Users/millafedotova/work/kedrogy-code/mysite/.venv/lib/python3.12/site-packages/rest_framework/viewsets.py", line 125, in view
    return self.dispatch(request, *args, **kwargs)
           ^^^^^^^^^^^^^^^^^^^^^^^^^^^^^^^^^^^^^^^
  File "/Users/millafedotova/work/kedrogy-code/mysite/.venv/lib/python3.12/site-packages/rest_framework/views.py", line 515, in dispatch
    response = self.handle_exception(exc)
               ^^^^^^^^^^^^^^^^^^^^^^^^^^
  File "/Users/millafedotova/work/kedrogy-code/mysite/.venv/lib/python3.12/site-packages/rest_framework/views.py", line 475, in handle_exception
    self.raise_uncaught_exception(exc)
  File "/Users/millafedotova/work/kedrogy-code/mysite/.venv/lib/python3.12/site-packages/rest_framework/views.py", line 486, in raise_uncaught_exception
    raise exc
  File "/Users/millafedotova/work/kedrogy-code/mysite/.venv/lib/python3.12/site-packages/rest_framework/views.py", line 512, in dispatch
    response = handler(request, *args, **kwargs)
               ^^^^^^^^^^^^^^^^^^^^^^^^^^^^^^^^^
  File "/Users/millafedotova/work/kedrogy-code/kedrogy/src/kedrogy/api_views.py", line 137, in delete_model
    run, created = request_deletion("model_files", int(pk), request.data.get("preview_token"), request.headers.get("Idempotency-Key"))
                                                            ^^^^^^^^^^^^^^^^
AttributeError: 'list' object has no attribute 'get'
.........
----------------------------------------------------------------------
Ran 13 tests in 0.038s

OK
Destroying test database for alias 'default'...
Found 13 test(s).
System check identified no issues (0 silenced).
AUDIT model-list queries: 3 for one model, 13 for eleven
